TAP version 13
# Subtest: UTILITY_SERIAL_PARENT Ω 🚀
    # Subtest: UTILITY_SKIP_CHILD
    ok 13 - UTILITY_SKIP_CHILD # SKIP UTILITY_SKIP_REASON Ω 🚀
      ---
      duration_ms: 0.516588
      type: 'test'
      ...
    # Subtest: UTILITY_TODO_CHILD
    ok 14 - UTILITY_TODO_CHILD # TODO UTILITY_TODO_REASON Ω 🚀
      ---
      duration_ms: 0.428074
      type: 'test'
      ...
    # Subtest: UTILITY_DIAGNOSTIC_CHILD
    ok 15 - UTILITY_DIAGNOSTIC_CHILD
      ---
      duration_ms: 40.102691
      type: 'test'
      ...
    # UTILITY_CRITICAL_DIAGNOSTIC_SENTINEL Ω 🚀
    1..15
ok 1 - UTILITY_SERIAL_PARENT Ω 🚀
  ---
  duration_ms: 219.17975
  type: 'test'
  ...
1..2
# tests 17
# suites 0
# pass 15
# fail 0
# cancelled 0
# skipped 1
# todo 1
# duration_ms 1941.394242
