TAP version 13
# Subtest: utility passing item 01 Ω 🚀 original local serial native progress evidence original local serial native progress evidence original local serial native progress evidence 
ok 1 - utility passing item 01 Ω 🚀 original local serial native progress evidence original local serial native progress evidence original local serial native progress evidence 
  ---
  duration_ms: 12.065541
  type: 'test'
  ...
# Subtest: utility passing item 02 Ω 🚀 original local serial native progress evidence original local serial native progress evidence original local serial native progress evidence 
ok 2 - utility passing item 02 Ω 🚀 original local serial native progress evidence original local serial native progress evidence original local serial native progress evidence 
  ---
  duration_ms: 0.642935
  type: 'test'
  ...
# Subtest: utility passing item 03 Ω 🚀 original local serial native progress evidence original local serial native progress evidence original local serial native progress evidence 
ok 3 - utility passing item 03 Ω 🚀 original local serial native progress evidence original local serial native progress evidence original local serial native progress evidence 
  ---
  duration_ms: 1.792577
  type: 'test'
  ...
# Subtest: utility passing item 04 Ω 🚀 original local serial native progress evidence original local serial native progress evidence original local serial native progress evidence 
ok 4 - utility passing item 04 Ω 🚀 original local serial native progress evidence original local serial native progress evidence original local serial native progress evidence 
  ---
  duration_ms: 1.187979
  type: 'test'
  ...
# Subtest: utility passing item 05 Ω 🚀 original local serial native progress evidence original local serial native progress evidence original local serial native progress evidence 
ok 5 - utility passing item 05 Ω 🚀 original local serial native progress evidence original local serial native progress evidence original local serial native progress evidence 
  ---
  duration_ms: 129.141212
  type: 'test'
  ...
# Subtest: utility passing item 06 Ω 🚀 original local serial native progress evidence original local serial native progress evidence original local serial native progress evidence 
ok 6 - utility passing item 06 Ω 🚀 original local serial native progress evidence original local serial native progress evidence original local serial native progress evidence 
  ---
  duration_ms: 0.566967
  type: 'test'
  ...
# Subtest: utility passing item 07 Ω 🚀 original local serial native progress evidence original local serial native progress evidence original local serial native progress evidence 
ok 7 - utility passing item 07 Ω 🚀 original local serial native progress evidence original local serial native progress evidence original local serial native progress evidence 
  ---
  duration_ms: 1.231443
  type: 'test'
  ...
# Subtest: utility passing item 08 Ω 🚀 original local serial native progress evidence original local serial native progress evidence original local serial native progress evidence 
ok 8 - utility passing item 08 Ω 🚀 original local serial native progress evidence original local serial native progress evidence original local serial native progress evidence 
  ---
  duration_ms: 66.701812
  type: 'test'
  ...
# Subtest: utility passing item 09 Ω 🚀 original local serial native progress evidence original local serial native progress evidence original local serial native progress evidence 
ok 9 - utility passing item 09 Ω 🚀 original local serial native progress evidence original local serial native progress evidence original local serial native progress evidence 
  ---
  duration_ms: 3.04261
  type: 'test'
  ...
# Subtest: utility passing item 10 Ω 🚀 original local serial native progress evidence original local serial native progress evidence original local serial native progress evidence 
ok 10 - utility passing item 10 Ω 🚀 original local serial native progress evidence original local serial native progress evidence original local serial native progress evidence 
  ---
  duration_ms: 4.411343
  type: 'test'
  ...
# Subtest: utility passing item 11 Ω 🚀 original local serial native progress evidence original local serial native progress evidence original local serial native progress evidence 
ok 11 - utility passing item 11 Ω 🚀 original local serial native progress evidence original local serial native progress evidence original local serial native progress evidence 
  ---
  duration_ms: 0.720264
  type: 'test'
  ...
# Subtest: utility passing item 12 Ω 🚀 original local serial native progress evidence original local serial native progress evidence original local serial native progress evidence 
ok 12 - utility passing item 12 Ω 🚀 original local serial native progress evidence original local serial native progress evidence original local serial native progress evidence 
  ---
  duration_ms: 0.916841
  type: 'test'
  ...
1..12
# tests 12
# suites 0
# pass 12
# fail 0
# cancelled 0
# skipped 0
# todo 0
# duration_ms 7364.958093
