TAP version 13
# Subtest: utility passing item 01 Ω 🚀 original local serial native progress evidence original local serial native progress evidence original local serial native progress evidence 
ok 1 - utility passing item 01 Ω 🚀 original local serial native progress evidence original local serial native progress evidence original local serial native progress evidence 
  ---
  duration_ms: 43.902955
  type: 'test'
  ...
# Subtest: utility passing item 02 Ω 🚀 original local serial native progress evidence original local serial native progress evidence original local serial native progress evidence 
ok 2 - utility passing item 02 Ω 🚀 original local serial native progress evidence original local serial native progress evidence original local serial native progress evidence 
  ---
  duration_ms: 4.208372
  type: 'test'
  ...
# Subtest: utility passing item 03 Ω 🚀 original local serial native progress evidence original local serial native progress evidence original local serial native progress evidence 
ok 3 - utility passing item 03 Ω 🚀 original local serial native progress evidence original local serial native progress evidence original local serial native progress evidence 
  ---
  duration_ms: 20.746172
  type: 'test'
  ...
# Subtest: utility passing item 04 Ω 🚀 original local serial native progress evidence original local serial native progress evidence original local serial native progress evidence 
ok 4 - utility passing item 04 Ω 🚀 original local serial native progress evidence original local serial native progress evidence original local serial native progress evidence 
  ---
  duration_ms: 10.39525
  type: 'test'
  ...
# Subtest: utility passing item 05 Ω 🚀 original local serial native progress evidence original local serial native progress evidence original local serial native progress evidence 
ok 5 - utility passing item 05 Ω 🚀 original local serial native progress evidence original local serial native progress evidence original local serial native progress evidence 
  ---
  duration_ms: 5.727365
  type: 'test'
  ...
# Subtest: utility passing item 06 Ω 🚀 original local serial native progress evidence original local serial native progress evidence original local serial native progress evidence 
ok 6 - utility passing item 06 Ω 🚀 original local serial native progress evidence original local serial native progress evidence original local serial native progress evidence 
  ---
  duration_ms: 0.798083
  type: 'test'
  ...
# Subtest: utility passing item 07 Ω 🚀 original local serial native progress evidence original local serial native progress evidence original local serial native progress evidence 
ok 7 - utility passing item 07 Ω 🚀 original local serial native progress evidence original local serial native progress evidence original local serial native progress evidence 
  ---
  duration_ms: 0.568482
  type: 'test'
  ...
# Subtest: utility passing item 08 Ω 🚀 original local serial native progress evidence original local serial native progress evidence original local serial native progress evidence 
ok 8 - utility passing item 08 Ω 🚀 original local serial native progress evidence original local serial native progress evidence original local serial native progress evidence 
  ---
  duration_ms: 4.371023
  type: 'test'
  ...
# Subtest: utility passing item 09 Ω 🚀 original local serial native progress evidence original local serial native progress evidence original local serial native progress evidence 
ok 9 - utility passing item 09 Ω 🚀 original local serial native progress evidence original local serial native progress evidence original local serial native progress evidence 
  ---
  duration_ms: 4.221969
  type: 'test'
  ...
# Subtest: utility passing item 10 Ω 🚀 original local serial native progress evidence original local serial native progress evidence original local serial native progress evidence 
ok 10 - utility passing item 10 Ω 🚀 original local serial native progress evidence original local serial native progress evidence original local serial native progress evidence 
  ---
  duration_ms: 1.784898
  type: 'test'
  ...
# Subtest: utility passing item 11 Ω 🚀 original local serial native progress evidence original local serial native progress evidence original local serial native progress evidence 
ok 11 - utility passing item 11 Ω 🚀 original local serial native progress evidence original local serial native progress evidence original local serial native progress evidence 
  ---
  duration_ms: 1.385365
  type: 'test'
  ...
# Subtest: utility passing item 12 Ω 🚀 original local serial native progress evidence original local serial native progress evidence original local serial native progress evidence 
ok 12 - utility passing item 12 Ω 🚀 original local serial native progress evidence original local serial native progress evidence original local serial native progress evidence 
  ---
  duration_ms: 1.777779
  type: 'test'
  ...
1..12
# tests 12
# suites 0
# pass 12
# fail 0
# cancelled 0
# skipped 0
# todo 0
# duration_ms 3030.783128
