
running 8 tests
test tests::ignored_unicode_reason ... ignored, original ignored reason: café 🦀 — native Unicode
test tests::duplicate_suite_identity ... ok
test tests::passing_00_original_dependency_free_native_evidence_keeps_suite_context_and_long_identity_without_external_dependencies ... ok
test tests::passing_01_original_dependency_free_native_evidence_keeps_suite_context_and_long_identity_without_external_dependencies ... ok
test tests::passing_02_original_dependency_free_native_evidence_keeps_suite_context_and_long_identity_without_external_dependencies ... ok
test tests::passing_03_original_dependency_free_native_evidence_keeps_suite_context_and_long_identity_without_external_dependencies ... ok
test tests::passing_04_original_dependency_free_native_evidence_keeps_suite_context_and_long_identity_without_external_dependencies ... ok
test tests::passing_05_original_dependency_free_native_evidence_keeps_suite_context_and_long_identity_without_external_dependencies ... ok

test result: ok. 7 passed; 0 failed; 1 ignored; 0 measured; 0 filtered out; finished in 0.00s


running 7 tests
test tests::duplicate_suite_identity ... ok
test tests::passing_06_original_dependency_free_native_evidence_keeps_suite_context_and_long_identity_without_external_dependencies ... ok
test tests::passing_07_original_dependency_free_native_evidence_keeps_suite_context_and_long_identity_without_external_dependencies ... ok
test tests::passing_08_original_dependency_free_native_evidence_keeps_suite_context_and_long_identity_without_external_dependencies ... ok
test tests::passing_09_original_dependency_free_native_evidence_keeps_suite_context_and_long_identity_without_external_dependencies ... ok
test tests::passing_10_original_dependency_free_native_evidence_keeps_suite_context_and_long_identity_without_external_dependencies ... ok
test tests::passing_11_original_dependency_free_native_evidence_keeps_suite_context_and_long_identity_without_external_dependencies ... ok

test result: ok. 7 passed; 0 failed; 0 ignored; 0 measured; 0 filtered out; finished in 0.01s


running 1 test
test src/lib.rs - add (line 4) ... ok

test result: ok. 1 passed; 0 failed; 0 ignored; 0 measured; 0 filtered out; finished in 5.61s

